{
    "ResponseMetadata": {},
    "Error": {
        "Message": "Connection ID foobar has an invalid format.",
        "Code": "DirectConnectClientException"
    }
}
