{
    "ResponseMetadata": {},
    "Error": {
        "Message": "The level of configured provisioned throughput for the table was exceeded.  Consider increasing your provisioning level with the UpdateTable API",
        "Code": "ProvisionedThroughputExceededException"
    }
}
