{
    "ResponseMetadata": {},
    "NextPageToken": null,
    "Pipelines": [
        {
            "ContentConfig": {
                "Bucket": "pipeline-12345",
                "StorageClass": "Standard",
                "Permissions": []
            },
            "Status": "Active",
            "Name": "test-pipeline",
            "ThumbnailConfig": {
                "Bucket": "12345",
                "StorageClass": "Standard",
                "Permissions": []
            },
            "Notifications": {
                "Completed": "",
                "Warning": "",
                "Progressing": "",
                "Error": ""
            },
            "Role": "arn:aws:iam::12345:role/Elastic_Transcoder_Default_Role",
            "InputBucket": "12345",
            "OutputBucket": null,
            "Id": "12345",
            "Arn": "arn:aws:elastictranscoder:us-west-2:12345:pipeline/12345"
        }
    ]
}
