{
    "ResponseMetadata": {},
    "Error": {
        "Message": "Unable to find stack with ID foobar",
        "Code": "ResourceNotFoundException"
    }
}
