{
    "ResponseMetadata": {},
    "Error": {
        "Message": "Unknown domain: foobar",
        "Code": "UnknownResourceFault"
    }
}
